// Jest Snapshot v1, https://goo.gl/fbAQLP

exports[`<ProfileScreen /> matches rendering snapshot 1`] = `
<View
  style={
    Object {
      "alignItems": "center",
      "backgroundColor": "#fff",
      "flex": 1,
      "justifyContent": "center",
    }
  }
>
  <Image
    source={1}
    style={
      Object {
        "height": 100,
        "width": 100,
      }
    }
  />
  <Text>
    Kunt-Fu Weasel
  </Text>
  <Text>
    Pittsburgh Hash House Harriers
  </Text>
</View>
`;

exports[`<ProfileScreen /> renders correctly 1`] = `
<View
  style={
    Object {
      "alignItems": "center",
      "backgroundColor": "#fff",
      "flex": 1,
      "justifyContent": "center",
    }
  }
>
  <Image
    source={1}
    style={
      Object {
        "height": 100,
        "width": 100,
      }
    }
  />
  <Text>
    Kunt-Fu Weasel
  </Text>
  <Text>
    Pittsburgh Hash House Harriers
  </Text>
</View>
`;
